../Core/Src/main.c:194:6:tft_cmd	24	static
../Core/Src/main.c:201:6:tft_data	24	static
../Core/Src/main.c:210:6:tft_data16	24	static
../Core/Src/main.c:217:6:tft_init	8	static
../Core/Src/main.c:281:6:tft_setAddrWindow	32	static
../Core/Src/main.c:302:6:tft_pixel	16	static
../Core/Src/main.c:309:6:tft_fillRect	32	static
../Core/Src/main.c:330:10:tft_color565	16	static
../Core/Src/main.c:335:6:tft_drawFastVLine	32	static
../Core/Src/main.c:351:6:tft_drawFastHLine	32	static
../Core/Src/main.c:367:6:tft_drawRect	24	static
../Core/Src/main.c:375:6:tft_drawCircle	40	static
../Core/Src/main.c:411:6:tft_fillCircleHelper	40	static
../Core/Src/main.c:452:6:tft_fillCircle	32	static
../Core/Src/main.c:460:6:tft_writeLine	48	static
../Core/Src/main.c:501:6:tft_drawLine	40	static
../Core/Src/main.c:520:6:tft_drawTriangle	32	static
../Core/Src/main.c:527:6:tft_fillTriangle	72	static
../Core/Src/main.c:615:6:tft_drawChar	40	static
../Core/Src/main.c:649:6:tft_setTextWrap	16	static
../Core/Src/main.c:653:6:tft_drawText	40	static
../Core/Src/main.c:728:6:renderBitmap	32	static
../Core/Src/main.c:1197:10:getAddress	16	static
../Core/Src/main.c:1264:6:generateLevel	56	static
../Core/Src/main.c:1302:6:generateLevelByIndex	16	static
../Core/Src/main.c:1392:8:hasBoxAt	24	static
../Core/Src/main.c:1403:6:updateBox	128	static
../Core/Src/main.c:1414:9:gameWin	104	static
../Core/Src/main.c:1435:6:showSummary	32	static
../Core/Src/main.c:1443:6:showCurrentLevel	32	static
../Core/Src/main.c:1452:6:showMenu	24	static
../Core/Src/main.c:1467:6:updateLevel	120	static
../Core/Src/main.c:1595:1:__io_putchar	16	static
../Core/Src/main.c:1608:5:main	16	static
../Core/Src/main.c:1837:6:SystemClock_Config	72	static
../Core/Src/main.c:1877:13:MX_SPI1_Init	8	static
../Core/Src/main.c:1915:13:MX_USART2_UART_Init	8	static
../Core/Src/main.c:1948:13:MX_GPIO_Init	40	static
../Core/Src/main.c:2000:6:Error_Handler	4	static,ignoring_inline_asm
