../Core/Src/main.c:884:6:tft_cmd	16	static
../Core/Src/main.c:891:6:tft_data	16	static
../Core/Src/main.c:900:6:tft_data16	24	static
../Core/Src/main.c:907:6:tft_init	8	static
../Core/Src/main.c:971:6:tft_setAddrWindow	24	static
../Core/Src/main.c:999:6:tft_fillRect.part.0	24	static
../Core/Src/main.c:1025:6:tft_drawFastVLine.part.0	16	static
../Core/Src/main.c:1041:6:tft_drawFastHLine.part.0	16	static
../Core/Src/main.c:992:6:tft_pixel	8	static
../Core/Src/main.c:999:6:tft_fillRect	8	static
../Core/Src/main.c:1325:6:tft_drawChar.part.0	80	static
../Core/Src/main.c:1020:10:tft_color565	0	static
../Core/Src/main.c:1025:6:tft_drawFastVLine	4	static
../Core/Src/main.c:1041:6:tft_drawFastHLine	4	static
../Core/Src/main.c:1057:6:tft_drawRect	24	static
../Core/Src/main.c:1065:6:tft_drawCircle	56	static
../Core/Src/main.c:1101:6:tft_fillCircleHelper	64	static
../Core/Src/main.c:1142:6:tft_fillCircle	32	static
../Core/Src/main.c:1150:6:tft_writeLine	48	static
../Core/Src/main.c:1191:6:tft_drawLine	16	static
../Core/Src/main.c:1210:6:tft_drawTriangle	40	static
../Core/Src/main.c:1217:6:tft_fillTriangle	72	static
../Core/Src/main.c:1325:6:tft_drawChar	16	static
../Core/Src/main.c:1359:6:tft_setTextWrap	0	static
../Core/Src/main.c:1363:6:tft_drawText	56	static
../Core/Src/main.c:1417:7:map	24	static
../Core/Src/main.c:1423:7:getGraphOffetY	32	static
../Core/Src/main.c:1450:6:bufferPutChar	20	static
../Core/Src/main.c:1498:6:bitmapDraw	40	static
../Core/Src/main.c:1509:6:bitmapDrawPalette	48	static
../Core/Src/main.c:1536:6:setSpeed2	32	static
../Core/Src/main.c:1575:6:setSpeed	48	static
../Core/Src/main.c:1626:6:renderBitmapSized	72	static
../Core/Src/main.c:1645:6:renderBitmap	64	static
../Core/Src/main.c:1667:6:renderBitmapExcludeSized	80	static
../Core/Src/main.c:1689:6:renderBitmapExclude	48	static
../Core/Src/main.c:2232:6:generateLevel	48	static
../Core/Src/main.c:2281:8:hasBoxAt	12	static
../Core/Src/main.c:2292:6:updateBox	32	static
../Core/Src/main.c:2306:9:gameWin	20	static
../Core/Src/main.c:2334:6:updateLevel	56	static
../Core/Src/main.c:2474:1:__io_putchar	16	static
../Core/Src/main.c:2635:6:SystemClock_Config	72	static,ignoring_inline_asm
../Core/Src/main.c:2487:5:main	64	static,ignoring_inline_asm
../Core/Src/main.c:2796:6:Error_Handler	0	static,ignoring_inline_asm
